Info: Starting: Create HDL design files for synthesis
Info: qsys-generate /home/bel/ahahn/lnx/workspace/a10_development_wrpc_4_2/bel_projects/modules/lvds/arria10_scu4/arria10_scu4_lvds_tx.qsys --synthesis=VHDL --output-directory=/home/bel/ahahn/lnx/workspace/a10_development_wrpc_4_2/bel_projects/modules/lvds/arria10_scu4/arria10_scu4_lvds_tx --family="Arria 10" --part=10AX027E3F29E2SG
Progress: Loading arria10_scu4/arria10_scu4_lvds_tx.qsys
Progress: Reading input file
Progress: Adding lvds_0 [altera_lvds 18.1]
Progress: Parameterizing module lvds_0
Progress: Building connections
Progress: Parameterizing connections
Progress: Validating
Progress: Done reading input file
Info: arria10_scu4_lvds_tx: "Transforming system: arria10_scu4_lvds_tx"
Info: arria10_scu4_lvds_tx: Running transform generation_view_transform
Info: arria10_scu4_lvds_tx: Running transform generation_view_transform took 0.000s
Info: lvds_0: Running transform generation_view_transform
Info: lvds_0: Running transform generation_view_transform took 0.000s
Info: core: Running transform generation_view_transform
Info: core: Running transform generation_view_transform took 0.000s
Info: arria10_scu4_lvds_tx: Running transform merlin_avalon_transform
Info: arria10_scu4_lvds_tx: Running transform merlin_avalon_transform took 0.027s
Info: lvds_0: Running transform merlin_avalon_transform
Info: lvds_0: Running transform merlin_avalon_transform took 0.008s
Info: arria10_scu4_lvds_tx: "Naming system components in system: arria10_scu4_lvds_tx"
Info: arria10_scu4_lvds_tx: "Processing generation queue"
Info: arria10_scu4_lvds_tx: "Generating: arria10_scu4_lvds_tx"
Info: arria10_scu4_lvds_tx: "Generating: arria10_scu4_lvds_tx_altera_lvds_181_xol3abq"
Info: arria10_scu4_lvds_tx: "Generating: arria10_scu4_lvds_tx_altera_lvds_core20_181_3cwo2jq"
Info: arria10_scu4_lvds_tx: Done "arria10_scu4_lvds_tx" with 3 modules, 9 files
Info: qsys-generate succeeded.
Info: Finished: Create HDL design files for synthesis
