Info: Starting: Create simulation model
Info: qsys-generate /home/alex/workspace/a10_dev/modules/pll/arria10_e3p1/ref_pll10/ref_pll10.qsys --simulation=VERILOG --allow-mixed-language-simulation --output-directory=/home/alex/workspace/a10_dev/modules/pll/arria10_e3p1/ref_pll10/ref_pll10 --family="Arria 10" --part=10AX115S2F45I1SG
Progress: Loading ref_pll10/ref_pll10.qsys
Progress: Reading input file
Progress: Adding iopll_0 [altera_iopll 18.1]
Progress: Parameterizing module iopll_0
Progress: Building connections
Progress: Parameterizing connections
Progress: Validating
Progress: Done reading input file
Info: ref_pll10.iopll_0: Able to implement PLL with user settings
Info: ref_pll10.iopll_0: For this IOPLL's current configuration, performing  one dynamic phase shift will result in a phase shift of 125.0 picoseconds.
Info: ref_pll10: "Transforming system: ref_pll10"
Info: ref_pll10: Running transform generation_view_transform
Info: ref_pll10: Running transform generation_view_transform took 0.000s
Info: iopll_0: Running transform generation_view_transform
Info: iopll_0: Running transform generation_view_transform took 0.000s
Info: ref_pll10: Running transform merlin_avalon_transform
Info: ref_pll10: Running transform merlin_avalon_transform took 0.042s
Info: ref_pll10: "Naming system components in system: ref_pll10"
Info: ref_pll10: "Processing generation queue"
Info: ref_pll10: "Generating: ref_pll10"
Info: ref_pll10: "Generating: ref_pll10_altera_iopll_181_c5qxdni"
Info: ref_pll10: Done "ref_pll10" with 2 modules, 2 files
Info: qsys-generate succeeded.
Info: Finished: Create simulation model
Info: Starting: Create Modelsim Project.
Info: sim-script-gen --spd=/home/alex/workspace/a10_dev/modules/pll/arria10_e3p1/ref_pll10/ref_pll10/ref_pll10.spd --output-directory=/home/alex/workspace/a10_dev/modules/pll/arria10_e3p1/ref_pll10/ref_pll10/sim/ --use-relative-paths=true
Info: Doing: ip-make-simscript --spd=/home/alex/workspace/a10_dev/modules/pll/arria10_e3p1/ref_pll10/ref_pll10/ref_pll10.spd --output-directory=/home/alex/workspace/a10_dev/modules/pll/arria10_e3p1/ref_pll10/ref_pll10/sim/ --use-relative-paths=true
Info: Generating the following file(s) for MODELSIM simulator in /home/alex/workspace/a10_dev/modules/pll/arria10_e3p1/ref_pll10/ref_pll10/sim/ directory:
Info: 	mentor/msim_setup.tcl
Info: Generating the following file(s) for VCS simulator in /home/alex/workspace/a10_dev/modules/pll/arria10_e3p1/ref_pll10/ref_pll10/sim/ directory:
Info: 	synopsys/vcs/vcs_setup.sh
Info: Generating the following file(s) for VCSMX simulator in /home/alex/workspace/a10_dev/modules/pll/arria10_e3p1/ref_pll10/ref_pll10/sim/ directory:
Info: 	synopsys/vcsmx/synopsys_sim.setup
Info: 	synopsys/vcsmx/vcsmx_setup.sh
Info: Generating the following file(s) for NCSIM simulator in /home/alex/workspace/a10_dev/modules/pll/arria10_e3p1/ref_pll10/ref_pll10/sim/ directory:
Info: 	cadence/cds.lib
Info: 	cadence/hdl.var
Info: 	cadence/ncsim_setup.sh
Info: 	1 .cds.lib files in cadence/cds_libs/ directory
Info: Generating the following file(s) for RIVIERA simulator in /home/alex/workspace/a10_dev/modules/pll/arria10_e3p1/ref_pll10/ref_pll10/sim/ directory:
Info: 	aldec/rivierapro_setup.tcl
Info: For information on how to simulate your IP, see the explanatory comments in the simulator-specific subdirectories under /home/alex/workspace/a10_dev/modules/pll/arria10_e3p1/ref_pll10/ref_pll10/sim/.
Info: Regenerate these scripts whenever you make any change to any Quartus-generated IP in your project.
Info: Finished: Create Modelsim Project.
Info: Starting: Create block symbol file (.bsf)
Info: qsys-generate /home/alex/workspace/a10_dev/modules/pll/arria10_e3p1/ref_pll10/ref_pll10.qsys --block-symbol-file --output-directory=/home/alex/workspace/a10_dev/modules/pll/arria10_e3p1/ref_pll10/ref_pll10 --family="Arria 10" --part=10AX115S2F45I1SG
Progress: Loading ref_pll10/ref_pll10.qsys
Progress: Reading input file
Progress: Adding iopll_0 [altera_iopll 18.1]
Progress: Parameterizing module iopll_0
Progress: Building connections
Progress: Parameterizing connections
Progress: Validating
Progress: Done reading input file
Info: ref_pll10.iopll_0: Able to implement PLL with user settings
Info: ref_pll10.iopll_0: For this IOPLL's current configuration, performing  one dynamic phase shift will result in a phase shift of 125.0 picoseconds.
Info: qsys-generate succeeded.
Info: Finished: Create block symbol file (.bsf)
Info: 
Info: Starting: Create HDL design files for synthesis
Info: qsys-generate /home/alex/workspace/a10_dev/modules/pll/arria10_e3p1/ref_pll10/ref_pll10.qsys --synthesis=VERILOG --output-directory=/home/alex/workspace/a10_dev/modules/pll/arria10_e3p1/ref_pll10/ref_pll10 --family="Arria 10" --part=10AX115S2F45I1SG
Progress: Loading ref_pll10/ref_pll10.qsys
Progress: Reading input file
Progress: Adding iopll_0 [altera_iopll 18.1]
Progress: Parameterizing module iopll_0
Progress: Building connections
Progress: Parameterizing connections
Progress: Validating
Progress: Done reading input file
Info: ref_pll10.iopll_0: Able to implement PLL with user settings
Info: ref_pll10.iopll_0: For this IOPLL's current configuration, performing  one dynamic phase shift will result in a phase shift of 125.0 picoseconds.
Info: ref_pll10: "Transforming system: ref_pll10"
Info: ref_pll10: Running transform generation_view_transform
Info: ref_pll10: Running transform generation_view_transform took 0.000s
Info: iopll_0: Running transform generation_view_transform
Info: iopll_0: Running transform generation_view_transform took 0.000s
Info: ref_pll10: Running transform merlin_avalon_transform
Info: ref_pll10: Running transform merlin_avalon_transform took 0.010s
Info: ref_pll10: "Naming system components in system: ref_pll10"
Info: ref_pll10: "Processing generation queue"
Info: ref_pll10: "Generating: ref_pll10"
Info: ref_pll10: "Generating: ref_pll10_altera_iopll_181_c5qxdni"
Info: ref_pll10: Done "ref_pll10" with 2 modules, 3 files
Info: qsys-generate succeeded.
Info: Finished: Create HDL design files for synthesis
