Info: Starting: Create HDL design files for synthesis
Info: qsys-generate /local/alex/2023/bel_projects/fallout_a10_sys_pll_fix/modules/pll/arria10/sys_pll10/sys_pll10.qsys --synthesis=VHDL --output-directory=/local/alex/2023/bel_projects/fallout_a10_sys_pll_fix/modules/pll/arria10/sys_pll10/sys_pll10 --family="Arria 10" --part=10AS066N3F40E2SG
Progress: Loading sys_pll10/sys_pll10.qsys
Progress: Reading input file
Progress: Adding iopll_0 [altera_iopll 18.1]
Progress: Parameterizing module iopll_0
Progress: Building connections
Progress: Parameterizing connections
Progress: Validating
Progress: Done reading input file
Info: sys_pll10.iopll_0: Able to implement PLL with user settings
Info: sys_pll10: "Transforming system: sys_pll10"
Info: sys_pll10: Running transform generation_view_transform
Info: sys_pll10: Running transform generation_view_transform took 0.000s
Info: iopll_0: Running transform generation_view_transform
Info: iopll_0: Running transform generation_view_transform took 0.000s
Info: sys_pll10: Running transform merlin_avalon_transform
Info: sys_pll10: Running transform merlin_avalon_transform took 0.027s
Info: sys_pll10: "Naming system components in system: sys_pll10"
Info: sys_pll10: "Processing generation queue"
Info: sys_pll10: "Generating: sys_pll10"
Info: sys_pll10: "Generating: sys_pll10_altera_iopll_181_cz2c3oa"
Info: sys_pll10: Done "sys_pll10" with 2 modules, 3 files
Info: qsys-generate succeeded.
Info: Finished: Create HDL design files for synthesis
